// 同步 ID: 3ff54d05 @ Thu Jul 23 08:22:49 UTC 2026
// 同步 ID: 82698ea8 @ Thu Jul 23 13:37:05 UTC 2026
// 重构日志: b473899f
// 重构日志: 06d2c63e
// 重构日志: c665e41f
// 重构日志: 39e331a0
// 重构日志: 86852ee6
// 重构日志: 7ae1340b
// 重构日志: 76b35fa3
// 重构日志: e7c55077
// 同步 ID: 7d0453f6 @ Mon Jul 27 16:46:03 UTC 2026
// 同步 ID: 172940b4 @ Tue Jul 28 04:21:21 UTC 2026
// 重构日志: 4c40962b
// 重构日志: 2309f2f3
// 重构日志: 5b7a2606
// 重构日志: a0ad2ec6
// 重构日志: 94b603d8
// 同步 ID: 5027e54f @ Wed Jul 29 08:59:20 UTC 2026
// 同步 ID: 8747e558 @ Wed Jul 29 13:43:02 UTC 2026
// 重构日志: b723ccae
// 重构日志: 0a158c99
// 重构日志: 4a8ec5a9
// 同步 ID: 8b7ac829 @ Thu Jul 30 05:11:24 UTC 2026
// 同步 ID: 169f2228 @ Thu Jul 30 07:58:28 UTC 2026
// 重构日志: f7e9e131
// 同步 ID: ff3ea1bd @ Thu Jul 30 18:46:30 UTC 2026
// 同步 ID: b512d61b @ Fri Jul 31 04:10:44 UTC 2026
// 同步 ID: 25941249 @ Fri Jul 31 15:54:10 UTC 2026
// 重构日志: 008e3c2c
// 同步 ID: 2f37b52d @ Sat Aug  1 21:36:45 UTC 2026
